Traceback (most recent call last):
  File "/home/ubuntu/lzz/MyAgent/code/tqa.py", line 363, in main
    _append_jsonl_with_retry(output_path, item)
  File "/home/ubuntu/lzz/MyAgent/code/tqa.py", line 57, in _append_jsonl_with_retry
    payload = json.dumps(item, ensure_ascii=False, default=_json_default) + "\n"
              ^^^^^^^^^^^^^^^^^^^^^^^^^^^^^^^^^^^^^^^^^^^^^^^^^^^^^^^^^^^
  File "/home/ubuntu/miniconda3/envs/lzz-agent/lib/python3.11/json/__init__.py", line 238, in dumps
    **kw).encode(obj)
          ^^^^^^^^^^^
  File "/home/ubuntu/miniconda3/envs/lzz-agent/lib/python3.11/json/encoder.py", line 200, in encode
    chunks = self.iterencode(o, _one_shot=True)
             ^^^^^^^^^^^^^^^^^^^^^^^^^^^^^^^^^^
  File "/home/ubuntu/miniconda3/envs/lzz-agent/lib/python3.11/json/encoder.py", line 258, in iterencode
    return _iterencode(o, 0)
           ^^^^^^^^^^^^^^^^^
  File "/home/ubuntu/lzz/MyAgent/code/tqa.py", line 42, in _json_default
    return value.item()
           ^^^^^^^^^^^^
ValueError: can only convert an array of size 1 to a Python scalar

Traceback (most recent call last):
  File "/home/ubuntu/lzz/MyAgent/code/tqa.py", line 540, in <module>
    main(args)
  File "/home/ubuntu/lzz/MyAgent/code/tqa.py", line 363, in main
    _append_jsonl_with_retry(output_path, item)
  File "/home/ubuntu/lzz/MyAgent/code/tqa.py", line 57, in _append_jsonl_with_retry
    payload = json.dumps(item, ensure_ascii=False, default=_json_default) + "\n"
              ^^^^^^^^^^^^^^^^^^^^^^^^^^^^^^^^^^^^^^^^^^^^^^^^^^^^^^^^^^^
  File "/home/ubuntu/miniconda3/envs/lzz-agent/lib/python3.11/json/__init__.py", line 238, in dumps
    **kw).encode(obj)
          ^^^^^^^^^^^
  File "/home/ubuntu/miniconda3/envs/lzz-agent/lib/python3.11/json/encoder.py", line 200, in encode
    chunks = self.iterencode(o, _one_shot=True)
             ^^^^^^^^^^^^^^^^^^^^^^^^^^^^^^^^^^
  File "/home/ubuntu/miniconda3/envs/lzz-agent/lib/python3.11/json/encoder.py", line 258, in iterencode
    return _iterencode(o, 0)
           ^^^^^^^^^^^^^^^^^
  File "/home/ubuntu/lzz/MyAgent/code/tqa.py", line 42, in _json_default
    return value.item()
           ^^^^^^^^^^^^
ValueError: can only convert an array of size 1 to a Python scalar
