Traceback (most recent call last):
  File "/home/ubuntu/lzz/MyAgent/code/tqa.py", line 326, in main
    item.update(_state_observability(state))
                ^^^^^^^^^^^^^^^^^^^^^^^^^^^
  File "/home/ubuntu/lzz/MyAgent/code/tqa.py", line 116, in _state_observability
    "candidate_answers": _to_serializable(getattr(state, "candidate_answers", [])),
                         ^^^^^^^^^^^^^^^^^^^^^^^^^^^^^^^^^^^^^^^^^^^^^^^^^^^^^^^^^
  File "/home/ubuntu/lzz/MyAgent/code/tqa.py", line 83, in _to_serializable
    return [_to_serializable(item) for item in value]
           ^^^^^^^^^^^^^^^^^^^^^^^^^^^^^^^^^^^^^^^^^^
  File "/home/ubuntu/lzz/MyAgent/code/tqa.py", line 83, in <listcomp>
    return [_to_serializable(item) for item in value]
            ^^^^^^^^^^^^^^^^^^^^^^
  File "/home/ubuntu/lzz/MyAgent/code/tqa.py", line 77, in _to_serializable
    return _to_serializable(value.to_dict())
           ^^^^^^^^^^^^^^^^^^^^^^^^^^^^^^^^^
  File "/home/ubuntu/lzz/MyAgent/code/tqa.py", line 81, in _to_serializable
    return {str(key): _to_serializable(item) for key, item in value.items()}
           ^^^^^^^^^^^^^^^^^^^^^^^^^^^^^^^^^^^^^^^^^^^^^^^^^^^^^^^^^^^^^^^^^
  File "/home/ubuntu/lzz/MyAgent/code/tqa.py", line 81, in <dictcomp>
    return {str(key): _to_serializable(item) for key, item in value.items()}
                      ^^^^^^^^^^^^^^^^^^^^^^
  File "/home/ubuntu/lzz/MyAgent/code/tqa.py", line 85, in _to_serializable
    return value.item()
           ^^^^^^^^^^^^
ValueError: can only convert an array of size 1 to a Python scalar

Traceback (most recent call last):
  File "/home/ubuntu/lzz/MyAgent/code/tqa.py", line 535, in <module>
    main(args)
  File "/home/ubuntu/lzz/MyAgent/code/tqa.py", line 326, in main
    item.update(_state_observability(state))
                ^^^^^^^^^^^^^^^^^^^^^^^^^^^
  File "/home/ubuntu/lzz/MyAgent/code/tqa.py", line 116, in _state_observability
    "candidate_answers": _to_serializable(getattr(state, "candidate_answers", [])),
                         ^^^^^^^^^^^^^^^^^^^^^^^^^^^^^^^^^^^^^^^^^^^^^^^^^^^^^^^^^
  File "/home/ubuntu/lzz/MyAgent/code/tqa.py", line 83, in _to_serializable
    return [_to_serializable(item) for item in value]
           ^^^^^^^^^^^^^^^^^^^^^^^^^^^^^^^^^^^^^^^^^^
  File "/home/ubuntu/lzz/MyAgent/code/tqa.py", line 83, in <listcomp>
    return [_to_serializable(item) for item in value]
            ^^^^^^^^^^^^^^^^^^^^^^
  File "/home/ubuntu/lzz/MyAgent/code/tqa.py", line 77, in _to_serializable
    return _to_serializable(value.to_dict())
           ^^^^^^^^^^^^^^^^^^^^^^^^^^^^^^^^^
  File "/home/ubuntu/lzz/MyAgent/code/tqa.py", line 81, in _to_serializable
    return {str(key): _to_serializable(item) for key, item in value.items()}
           ^^^^^^^^^^^^^^^^^^^^^^^^^^^^^^^^^^^^^^^^^^^^^^^^^^^^^^^^^^^^^^^^^
  File "/home/ubuntu/lzz/MyAgent/code/tqa.py", line 81, in <dictcomp>
    return {str(key): _to_serializable(item) for key, item in value.items()}
                      ^^^^^^^^^^^^^^^^^^^^^^
  File "/home/ubuntu/lzz/MyAgent/code/tqa.py", line 85, in _to_serializable
    return value.item()
           ^^^^^^^^^^^^
ValueError: can only convert an array of size 1 to a Python scalar
