<string>:10: UserWarning: Could not infer format, so each element will be parsed individually, falling back to `dateutil`. To ensure parsing is consistent and as-expected, please specify a format.
<string>:17: SettingWithCopyWarning: 
A value is trying to be set on a copy of a slice from a DataFrame.
Try using .loc[row_indexer,col_indexer] = value instead

See the caveats in the documentation: https://pandas.pydata.org/pandas-docs/stable/user_guide/indexing.html#returning-a-view-versus-a-copy
Finished sample 1/27
Finished sample 2/27
Finished sample 3/27
Finished sample 4/27
Finished sample 5/27
Finished sample 6/27
Finished sample 7/27
Finished sample 8/27
Finished sample 9/27
Finished sample 10/27
Finished sample 11/27
Finished sample 12/27
Finished sample 13/27
Finished sample 14/27
Finished sample 15/27
Finished sample 16/27
Finished sample 17/27
Finished sample 18/27
Finished sample 19/27
Finished sample 20/27
Finished sample 21/27
Finished sample 22/27
Finished sample 23/27
Finished sample 24/27
Finished sample 25/27
Finished sample 26/27
Finished sample 27/27
