<string>:9: SettingWithCopyWarning: 
A value is trying to be set on a copy of a slice from a DataFrame.
Try using .loc[row_indexer,col_indexer] = value instead

See the caveats in the documentation: https://pandas.pydata.org/pandas-docs/stable/user_guide/indexing.html#returning-a-view-versus-a-copy
Finished sample 1/25
Finished sample 2/25
Finished sample 3/25
Finished sample 4/25
Finished sample 5/25
Finished sample 6/25
Finished sample 7/25
Finished sample 8/25
Finished sample 9/25
Finished sample 10/25
Finished sample 11/25
Finished sample 12/25
Finished sample 13/25
Finished sample 14/25
Finished sample 15/25
Finished sample 16/25
Finished sample 17/25
Finished sample 18/25
Finished sample 19/25
Finished sample 20/25
Finished sample 21/25
Finished sample 22/25
Finished sample 23/25
Finished sample 24/25
Finished sample 25/25
