<string>:10: UserWarning: Boolean Series key will be reindexed to match DataFrame index.
/home/ubuntu/miniconda3/envs/lzz-agent/lib/python3.11/site-packages/numpy/lib/_function_base_impl.py:3037: RuntimeWarning: Degrees of freedom <= 0 for slice
  c = cov(x, y, rowvar, dtype=dtype)
/home/ubuntu/miniconda3/envs/lzz-agent/lib/python3.11/site-packages/numpy/lib/_function_base_impl.py:2894: RuntimeWarning: divide by zero encountered in divide
  c *= np.true_divide(1, fact)
/home/ubuntu/miniconda3/envs/lzz-agent/lib/python3.11/site-packages/numpy/lib/_function_base_impl.py:2894: RuntimeWarning: invalid value encountered in multiply
  c *= np.true_divide(1, fact)
<string>:15: RuntimeWarning: invalid value encountered in scalar divide
<string>:16: RuntimeWarning: invalid value encountered in scalar divide
<string>:9: FutureWarning: The provided callable <built-in function min> is currently using SeriesGroupBy.min. In a future version of pandas, the provided callable will be used directly. To keep current behavior pass the string "min" instead.
<string>:9: FutureWarning: The provided callable <built-in function max> is currently using SeriesGroupBy.max. In a future version of pandas, the provided callable will be used directly. To keep current behavior pass the string "max" instead.
Finished sample 1/50
Finished sample 2/50
Finished sample 3/50
Finished sample 4/50
Finished sample 5/50
Finished sample 6/50
Finished sample 7/50
Finished sample 8/50
Finished sample 9/50
Finished sample 10/50
Finished sample 11/50
Finished sample 12/50
Finished sample 13/50
Finished sample 14/50
Finished sample 15/50
Finished sample 16/50
Finished sample 17/50
Finished sample 18/50
Finished sample 19/50
Finished sample 20/50
Finished sample 21/50
Finished sample 22/50
Finished sample 23/50
Finished sample 24/50
Finished sample 25/50
Finished sample 26/50
Finished sample 27/50
Finished sample 28/50
Finished sample 29/50
Finished sample 30/50
Finished sample 31/50
Finished sample 32/50
Finished sample 33/50
Finished sample 34/50
Finished sample 35/50
Finished sample 36/50
Finished sample 37/50
Finished sample 38/50
Finished sample 39/50
Finished sample 40/50
Finished sample 41/50
Finished sample 42/50
Finished sample 43/50
Finished sample 44/50
Finished sample 45/50
Finished sample 46/50
Finished sample 47/50
Finished sample 48/50
Finished sample 49/50
Finished sample 50/50
