<string>:17: SettingWithCopyWarning:
A value is trying to be set on a copy of a slice from a DataFrame.
Try using .loc[row_indexer,col_indexer] = value instead

See the caveats in the documentation: https://pandas.pydata.org/pandas-docs/stable/user_guide/indexing.html#returning-a-view-versus-a-copy
<string>:27: SettingWithCopyWarning:
A value is trying to be set on a copy of a slice from a DataFrame.
Try using .loc[row_indexer,col_indexer] = value instead

See the caveats in the documentation: https://pandas.pydata.org/pandas-docs/stable/user_guide/indexing.html#returning-a-view-versus-a-copy
Finished sample 1/12
Finished sample 2/12
Finished sample 3/12
Finished sample 4/12
Finished sample 5/12
Finished sample 6/12
Finished sample 7/12
Finished sample 8/12
Finished sample 9/12
Finished sample 10/12
Finished sample 11/12
Finished sample 12/12
