<string>:4: UserWarning: Could not infer format, so each element will be parsed individually, falling back to `dateutil`. To ensure parsing is consistent and as-expected, please specify a format.
<string>:5: UserWarning: Could not infer format, so each element will be parsed individually, falling back to `dateutil`. To ensure parsing is consistent and as-expected, please specify a format.
<string>:5: UserWarning: Could not infer format, so each element will be parsed individually, falling back to `dateutil`. To ensure parsing is consistent and as-expected, please specify a format.
<string>:4: UserWarning: Could not infer format, so each element will be parsed individually, falling back to `dateutil`. To ensure parsing is consistent and as-expected, please specify a format.
<string>:11: SettingWithCopyWarning:
A value is trying to be set on a copy of a slice from a DataFrame.
Try using .loc[row_indexer,col_indexer] = value instead

See the caveats in the documentation: https://pandas.pydata.org/pandas-docs/stable/user_guide/indexing.html#returning-a-view-versus-a-copy
<string>:12: SettingWithCopyWarning:
A value is trying to be set on a copy of a slice from a DataFrame.
Try using .loc[row_indexer,col_indexer] = value instead

See the caveats in the documentation: https://pandas.pydata.org/pandas-docs/stable/user_guide/indexing.html#returning-a-view-versus-a-copy
<string>:7: SettingWithCopyWarning:
A value is trying to be set on a copy of a slice from a DataFrame.
Try using .loc[row_indexer,col_indexer] = value instead

See the caveats in the documentation: https://pandas.pydata.org/pandas-docs/stable/user_guide/indexing.html#returning-a-view-versus-a-copy
<string>:4: UserWarning: Could not infer format, so each element will be parsed individually, falling back to `dateutil`. To ensure parsing is consistent and as-expected, please specify a format.
<string>:5: UserWarning: Could not infer format, so each element will be parsed individually, falling back to `dateutil`. To ensure parsing is consistent and as-expected, please specify a format.
Finished sample 1/100
Finished sample 2/100
Finished sample 3/100
Finished sample 4/100
Finished sample 5/100
Finished sample 6/100
Finished sample 7/100
Finished sample 8/100
Finished sample 9/100
Finished sample 10/100
Finished sample 11/100
Finished sample 12/100
Finished sample 13/100
Finished sample 14/100
Finished sample 15/100
Finished sample 16/100
Finished sample 17/100
Finished sample 18/100
Finished sample 19/100
Finished sample 20/100
Finished sample 21/100
Finished sample 22/100
Finished sample 23/100
Finished sample 24/100
Finished sample 25/100
Finished sample 26/100
Finished sample 27/100
Finished sample 28/100
Finished sample 29/100
Finished sample 30/100
Finished sample 31/100
Finished sample 32/100
Finished sample 33/100
Finished sample 34/100
Finished sample 35/100
Finished sample 36/100
Finished sample 37/100
Finished sample 38/100
Finished sample 39/100
Finished sample 40/100
Finished sample 41/100
Finished sample 42/100
Finished sample 43/100
Finished sample 44/100
Finished sample 45/100
Finished sample 46/100
Finished sample 47/100
Finished sample 48/100
Finished sample 49/100
Finished sample 50/100
Finished sample 51/100
Finished sample 52/100
Finished sample 53/100
Finished sample 54/100
Finished sample 55/100
Finished sample 56/100
Finished sample 57/100
Finished sample 58/100
Finished sample 59/100
Finished sample 60/100
Finished sample 61/100
Finished sample 62/100
Finished sample 63/100
Finished sample 64/100
Finished sample 65/100
Finished sample 66/100
Finished sample 67/100
Finished sample 68/100
Finished sample 69/100
Finished sample 70/100
Finished sample 71/100
Finished sample 72/100
Finished sample 73/100
Finished sample 74/100
Finished sample 75/100
Finished sample 76/100
Finished sample 77/100
Finished sample 78/100
Finished sample 79/100
Finished sample 80/100
Finished sample 81/100
Finished sample 82/100
Finished sample 83/100
Finished sample 84/100
Finished sample 85/100
Finished sample 86/100
Finished sample 87/100
Finished sample 88/100
Finished sample 89/100
Finished sample 90/100
Finished sample 91/100
Finished sample 92/100
Finished sample 93/100
Finished sample 94/100
Finished sample 95/100
Finished sample 96/100
Finished sample 97/100
Finished sample 98/100
Finished sample 99/100
Finished sample 100/100
