<string>:8: SettingWithCopyWarning:
A value is trying to be set on a copy of a slice from a DataFrame.
Try using .loc[row_indexer,col_indexer] = value instead

See the caveats in the documentation: https://pandas.pydata.org/pandas-docs/stable/user_guide/indexing.html#returning-a-view-versus-a-copy
<string>:7: SettingWithCopyWarning:
A value is trying to be set on a copy of a slice from a DataFrame.
Try using .loc[row_indexer,col_indexer] = value instead

See the caveats in the documentation: https://pandas.pydata.org/pandas-docs/stable/user_guide/indexing.html#returning-a-view-versus-a-copy
Finished sample 1/50
Finished sample 2/50
Finished sample 3/50
Finished sample 4/50
Finished sample 5/50
Finished sample 6/50
Finished sample 7/50
Finished sample 8/50
Finished sample 9/50
Finished sample 10/50
Finished sample 11/50
Finished sample 12/50
Finished sample 13/50
Finished sample 14/50
Finished sample 15/50
Finished sample 16/50
Finished sample 17/50
Finished sample 18/50
Finished sample 19/50
Finished sample 20/50
Finished sample 21/50
Finished sample 22/50
Finished sample 23/50
Finished sample 24/50
Finished sample 25/50
Finished sample 26/50
Finished sample 27/50
Finished sample 28/50
Finished sample 29/50
Finished sample 30/50
Finished sample 31/50
Finished sample 32/50
Finished sample 33/50
Finished sample 34/50
Finished sample 35/50
Finished sample 36/50
Finished sample 37/50
Finished sample 38/50
Finished sample 39/50
Finished sample 40/50
Finished sample 41/50
Finished sample 42/50
Finished sample 43/50
Finished sample 44/50
Finished sample 45/50
Finished sample 46/50
Finished sample 47/50
Finished sample 48/50
Finished sample 49/50
Finished sample 50/50
